
root@vexpress:/ # rn  cd data
root@vexpress:/data # rmmod rearoot@vexpress:/data # rmmod read_power.ko                                       [  261.146695] in readpw init
[  261.154335] in if0x41A0C3500x00174CB10x00183F4E0x00184F980x001849440x000C8C4C0x000BA5090x000B96690x000B93DB0x000BB2290x000B91D90x000B8DD60x000B7EAF0x000B91D90x000B89430x000B83430x000B91D90x000B223E0x000B89430x000B82AC0x000B89430x000B83430x000B80AE0x000B698F0x000B93DB0x000B8D440x000B93DB0x000B89430x000B89430x000B7A150x000B93DB0x000B87430x000B93DB0x000B85430x000B4D2B0x000B91D90x000B7A150x000B8B440x000B67930x000B78180x000B986C0x000B85430x000B89430x000B82AC0x000B93DB0x000B89430x000BCDF20x000B8B440x000B89430x000B761B0x000B85430x000B8B440x000B87430x000B84AB0x000B87430x000B8B440x000B8BD40x000B8B440x000B84AB0x000BA5090x000B93DB0x000B8B440x000B8B440x000B87430x000B78180x000B8B440x000B91D90x000B82AC0x000B82AC0x000B72200x000B89430x000B83430x000B8B440x000B89430x000B8D440x000B7CB00x000B89430x000B81430x000B89430x000B78180x000B89430x000B89430x000B8B440x000B8D440x000B87430x000B8D440x000B93DB0x000B78180x000B89430x000B7EAF0x000B89430x000B761B0x000B87430x000B83430x000B8DD60x000B91D90x000B5E570x000B89430x000B8B440x000B741D0x000B7A150x000B89430x000B89430x000B89430x000B87430x000B8B440x000B80AE0x000B87430x000B93DB0x000BB6380x000B8B440x000B8FD70x000B81430x000B89430x000B7A150x000B89430x000B89430x000B698F0x000B8B440x000B78180x000B87430x000B83430x000B85430x000B89430x000B81430x000B7A150x000B89430x000B7AB10x000B89430x000B737A0x000B9A6F0x000B89430x000B8BD40x000B91D90x000B8B440x000B91D90x000B741D0x000B8B440x000B87430x000B80AE0x000B8B440x000B7EAF0x000B7EAF0x000B89430x000B8FD70x000B8B440x000BADA10x000B93DB0x000B7A150x000B7A150x000B89430x000B87430x000B761B0x000B91D90x000B89430x000B8B440x000B8B440x000B91D90x000B8B440x000BADA10x000B93DB0x000B89430x000B8B440x000B68E70x000B89430x000B82AC0x000B87430x000B80AE0x000B89430x000B7A150x000B89430x000B91D90x000B8B440x000B87430x000B85430x000B78180x000B89430x000B87430x000B91D90x000B6B8B0x000B8B440x000B89430x000B91D90x000B8D440x000B7CB00x000B87430x000B8FD70x000B83430x000B9C720x000B87430x000B40AD0x000B78B30x000B89430x000B42A10x000B80AE0x000B42A10x000BA5090x000B4D2B0x000B87430x000B7A150x000B44950x000B8B440x000B8B440x000B8B440x000B44950x000B8B440x000B42A10x000B8B440x000B89430x000BB2290x000B4D2B0x000B89430x000B44950x000B8D440x000B8B440x000B89430x000B42A10x000B8DD60x000B87430x000B87430x000B89430x000B4D2B0x000B9C720x000B82AC0x000B44950x000B87430x000B89430x000B44950x000B8B440x000B7EAF0x000B87430x000B8FD70x000B40AD0x000B8B440x000B91D90x000B8B440x000B4F210x000B89430x000B8B440x000B89430x000B93DB0x000B93DB0x000B8B440x000B93DB0x000B89430x000B8FD70x000BD6870x000B7EAF0x000B93DB0x000B7CB00x000B89430x000B93DB0x000B80AE0x000B8DD60x000B82AC0x000B1B950x000B91D90x000B8B440x000B93DB0x000BA5090x000B87430x000B89430x000B8B440x000B89430x000B85430x000B89430x000B44950x000B82AC0x000B89430x000B8B440x000B82AC0x000B8FD70x000B87430x000B93DB0x000B83430x000B80AE0x000B8B440x000B93DB0x000B8DD60x000B8B440x000B89430x000B89430x000B8B440x000B7EAF0x000B83430x000B87430x000B7A150x000B89430x000B8B440x000B82AC0x000B7EAF0x000B8B440x000B8B440x000B85430x000B89430x000B89430x000B96690x000B80AE0x000B8FD70x000B7EAF0x000B89430x000B8FD70x000B89430x000B80AE0x000B93DB0x000B87430x000B87430x000B89430x000B8B440x000B80AE0x000B80AE0x000B95DD0x000B89430x000B91D90x000B8B440x000B8B440x000B93DB0x000B8B440x000B8FD70x000B7CB00x000B8FD70x000B80AE0x000B89430x000B8B440x000B89430x000B89430x000B8B440x000B89430x000B89430x000B80AE0x000B89430x000B84AB0x000B04A90x000B89430x000B89430x000B80AE0x000B44950x000B80AE0x000B85430x000B82AC0x000B91D90x000B82AC0x000B89430x000B93DB0x000B8B440x000B93DB0x000BB2290x000B91D90x000B89430x000B80AE0x000B87430x000BBCC60x000B87430x000B62F80x000B87430x000B8B440x000B8B440x000B87430x000B93DB0x000BA3820x000B89430x000B89430x000B82AC0x000B91D90x000B83430x000B8B440x000B8FD70x000B87430x000B89430x000B87430x000B87430x000B82AC0x000B89430x000B91D90x000B93DB0x000B7CB00x000B586C0x000B8B440x000BA3050x000B87430x000B64F20x000B1B950x000B87430x000B85430x000B80AE0x000B8B440x000B56730x000B89430x000B89430x000B82AC0x000B89430x000B89430x000B89430x000B91D90x000B64F20x000B89430x000B7CB00x000B8D440x000B87430x000B80AE0x000B91D90x000B89430x000B80AE0x000B93DB0x000B89430x000B87430x000B83430x000B8B440x000B93DB0x000BA1000x000B8DD60x000B87430x000B85430x000B93DB0x000B93DB0x000B8B440x000B91D90x000B89430x000B81430x000B82AC0x000B87430x000B8FD70x000B55C10x000B7EAF0x000B8B440x000B89430x000B93DB0x000B85430x000B93DB0x000BBABD0x000B8FD70x000B5C5E0x000B8FD70x000B89430x000B7CB00x000B8BD40x000B44950x000B96690x000B8B440x000B80AE0x000B81430x000B89430x000B80AE0x000B87430x000B82AC0x000B89430x000B9C720x000B89430x000B89430x000B81430x000B89430x000B80AE0x000B85430x000B7AB10x000B89430x000B89430x000B80AE0x000B89430x000B7EAF0x000B9CF70x000B85430x000B87430x000B81430x000BADA10x000B8DD60x000B5C5E0x000B8FD70x000B82AC0x000B91D90x000B80AE0x000B85430x000B89430x000B80AE0x000B87430x000B087D0x000B8B440x000B8B440x000B80AE0x000B8B440x000B4D2B0x000B8BD40x000B91D90x000B87430x000B91D90x000B986C0x000B87430x000BB2290x000B9C720x000B53C90x000B8B440x000B53C90x000B8FD70x000B89430x000B91D90x000B83430x000B89430x000B80AE0x000B82AC0x000B80AE0x000B7EAF0x000B89430x000B8DD60x000B85430x000B8B440x000B87430x000B8B440x000B91D90x000B89430x000B87430x000BA3050x000B93DB0x000B93DB0x000B91D90x000B87430x000B87430x000B89430x000B8B440x000B87430x000B8FD70x000B80AE
rmmod: delete_module 'read_power' failed (errno 2)
255|root@vexpress:/data # 
255|root@vexpress:/data # clre  ear
/system/bin/sh: clear: not found
127|root@vexpress:/data # 
[  315.623457] in readpw initin if0x000B8B44
[  315.656544] 0x0018B32C
[  315.676223] 0x001887AC
[  315.695878] 0x0018776D
[  315.715580] 0x001831B9
[  315.735063] 0x000CA6A6
[  315.754740] 0x000BCFFE
[  315.774424] 0x000BC767
[  315.794092] 0x000BC55C
[  315.813783] 0x000BADA1
[  315.833454] 0x000BB8B4
[  315.853136] 0x000BAB9B
[  315.872822] 0x000BAB9B
[  315.892500] 0x000BBABD
[  315.912180] 0x000BBCC6
[  315.931863] 0x000BB4A1
[  315.951540] 0x000BBABD
[  315.971253] 0x000BBCC6
[  315.990972] 0x000BD687
[  316.010583] 0x000B8943
[  316.030256] 0x000BB021
[  316.049935] 0x000BADA1
[  316.069626] 0x000BA305
[  316.089303] 0x000BC351
[  316.108983] 0x000BB8B4
[  316.128701] 0x000BB4A1
[  316.148345] 0x000BCBE6
[  316.168025] 0x000BBABD
[  316.187705] 0x000BB430
[  316.207384] 0x000BB8B4
[  316.227055] 0x000BB430
[  316.246744] 0x000BA305
[  316.266424] 0x000BBCC6
[  316.286106] 0x000BBCC6
[  316.305788] 0x000BB6AB
[  316.325573] 0x000BBCC6
[  316.345145] 0x000BE392
[  316.364891] 0x000BB430
[  316.384507] 0x000B8943
[  316.404185] 0x000BC0D8
[  316.423856] 0x000BBCC6
[  316.443543] 0x000BA305
[  316.463228] 0x000BBECF
[  316.482907] 0x000BC0D8
[  316.502587] 0x000BBCC6
[  316.522267] 0x000BAE19
[  316.541947] 0x000BBECF
[  316.561620] 0x000BB430
[  316.581304] 0x000BA509
[  316.600989] 0x000BB638
[  316.620662] 0x000BB6AB
[  316.640346] 0x000BAB9B
[  316.660025] 0x000BBCC6
[  316.679707] 0x000BBCC6
[  316.699386] 0x000BB638
[  316.719066] 0x000BB638
[  316.738616] 0x000BBECF
[  316.758415] 0x000B8B44
[  316.778108] 0x000B986C
[  316.797790] 0x000BBCC6
[  316.817463] 0x000BBECF
[  316.837146] 0x000BA994
[  316.856827] 0x000BBABD
[  316.876507] 0x000BB638
[  316.896187] 0x000BB638
[  316.915869] 0x000BBECF
[  316.935546] 0x000BBECF
[  316.955456] 0x000BB021
[  316.974910] 0x000BA994
[  316.994588] 0x000BB638
[  317.014259] 0x000BBCC6
[  317.033945] 0x000BA509
[  317.053629] 0x000BB6AB
[  317.073309] 0x000BB229
[  317.092989] 0x000BC55C
[  317.112785] 0x000BB430
[  317.132347] 0x000C14B8
[  317.152030] 0x000BBCC6
[  317.171711] 0x000BB430
[  317.191388] 0x000BBECF
[  317.211060] 0x000BBECF
[  317.230752] 0x000BA509
[  317.250432] 0x000BBCC6
[  317.270112] 0x000BBECF
[  317.289793] 0x000BBCC6
[  317.309572] 0x000BC55C
[  317.329150] 0x000BE9C4
[  317.348823] 0x000BB4A1
[  317.368510] 0x000B986C
[  317.388191] 0x000BB8B4
[  317.407865] 0x000BB229
[  317.427552] 0x000BA994
[  317.447231] 0x000BB430
[  317.466909] 0x000BBABD
[  317.486588] 0x000BB638
[  317.506271] 0x000BBECF
[  317.525950] 0x000BB8B4
[  317.545624] 0x000BBCC6
[  317.565309] 0x000BA305
[  317.584992] 0x000BB638
[  317.604664] 0x000BB021
[  317.624353] 0x000BA100
[  317.644032] 0x000BAE19
[  317.663712] 0x000BBCC6
[  317.683390] 0x000BB430
[  317.703071] 0x000BB638
[  317.722752] 0x000BB638
[  317.742432] 0x000BB430
[  317.762114] 0x000BB229
[  317.781791] 0x000BBABD
[  317.801462] 0x000BB229
[  317.821154] 0x000BA509
[  317.840831] 0x000BB430
[  317.860515] 0x000BBCC6
[  317.880194] 0x000BB430
[  317.899872] 0x000BBECF
[  317.919558] 0x000BBCC6
[  317.939259] 0x000BB8B4
[  317.958915] 0x000BD687
[  317.978596] 0x000BBABD
[  317.998264] 0x000BBABD
[  318.017957] 0x000B9A6F
[  318.037633] 0x000BBABD
[  318.057313] 0x000BBCC6
[  318.076991] 0x000BBCC6
[  318.096722] 0x000BBCC6
[  318.116354] 0x000B7818
[  318.136028] 0x000BB638
[  318.155714] 0x000BAB9B
[  318.175392] 0x000BC0D8
[  318.195072] 0x000BB638
[  318.214755] 0x000BADA1
[  318.234507] 0x000BB430
[  318.254113] 0x000B91D9
[  318.273791] 0x000BB229
[  318.293580] 0x000BBCC6
[  318.313155] 0x000BD687
[  318.332826] 0x000BBECF
[  318.352516] 0x000B9EFB
[  318.372194] 0x000BBABD
[  318.391869] 0x000BBABD
[  318.411555] 0x000BAB9B
[  318.431238] 0x000BB638
[  318.450913] 0x000BBCC6
[  318.470595] 0x000BB430
[  318.490273] 0x000BBCC6
[  318.509988] 0x000BBECF
[  318.529634] 0x000BBECF
[  318.549317] 0x000BB229
[  318.567895] 0x000BBECF
[  318.588669] 0x000B9C72
[  318.608356] 0x000BA305
[  318.628038] 0x000BB229
[  318.647716] 0x000BB229
[  318.667396] 0x000BBCC6
[  318.687075] 0x000BBCC6
[  318.706756] 0x000BB430
[  318.734193] 0x000BB021
[  318.756137] 0x000BD687
[  318.775801] 0x00182EFD
[  318.795493] 0x0017E20F
[  318.815175] 0x001815B4
[  318.834875] 0x00183BAE
[  318.854358] 0x000CAD93
[  318.874040] 0x000BCDF2
[  318.893717] 0x000BCDF2
[  318.913401] 0x000BC351
[  318.933069] 0x000BC767
[  318.952758] 0x000BADA1
[  318.972446] 0x000BBCC6
[  318.992108] 0x000BC147
[  319.011799] 0x000B9CF7
[  319.031477] 0x000BBCC6
[  319.051160] 0x000BBECF
[  319.070839] 0x000BBABD
[  319.090728] 0x000BB638
[  319.110202] 0x000C0389
[  319.129880] 0x000BBF3C
[  319.149562] 0x000BB8B4
[  319.169247] 0x000BC767
[  319.188910] 0x000BBCC6
[  319.208599] 0x000BA509
[  319.228281] 0x000BB6AB
[  319.247959] 0x000BBABD
[  319.267640] 0x000BB6AB
[  319.287313] 0x000BAE19
[  319.307002] 0x000BADA1
[  319.326678] 0x000BBABD
[  319.346359] 0x000BBCC6
[  319.366045] 0x000BBCC6
[  319.385720] 0x000BBCC6
[  319.405401] 0x000BB229
[  319.425082] 0x000BBECF
[  319.444762] 0x000BBCC6
[  319.464441] 0x000BBECF
[  319.484121] 0x000BB430
[  319.503799] 0x000BBCC6
[  319.523484] 0x000BB638
[  319.543161] 0x000BBCC6
[  319.562848] 0x000BBCC6
[  319.582524] 0x000BB6AB
[  319.602208] 0x000BBCC6
[  319.622022] 0x000BC971
[  319.641560] 0x000BAB9B
[  319.661242] 0x000BBECF
[  319.680922] 0x000BB638
[  319.700607] 0x000BB229
[  319.720281] 0x000BC767
[  319.739961] 0x000BC767
[  319.759648] 0x000BB021
[  319.779313] 0x000BB638
[  319.798999] 0x000BA305
[  319.818682] 0x000BB430
[  319.838360] 0x000BBABD
[  319.858044] 0x000BB229
[  319.877721] 0x000BBABD
[  319.897520] 0x000BB430
[  319.917075] 0x000BB430
[  319.936761] 0x000BA305
[  319.956445] 0x000BBCC6
[  319.976114] 0x000BBCC6
[  319.995805] 0x000BA509
[  320.015482] 0x000BC351
[  320.035163] 0x000BBECF
[  320.054844] 0x000BB430
[  320.074576] 0x000BBCC6
[  320.094203] 0x000B741D
[  320.113884] 0x000BB638
[  320.133563] 0x000BB430
[  320.153251] 0x000BBECF
[  320.172930] 0x000BB229
[  320.192603] 0x000BBCC6
[  320.212286] 0x000BB638
[  320.231962] 0x000BBCC6
[  320.251646] 0x000BB430
[  320.271317] 0x000BB430
[  320.291004] 0x000B9CF7
[  320.310688] 0x000BBABD
[  320.330367] 0x000BBCC6
[  320.350047] 0x000BB229
[  320.369726] 0x000BBCC6
[  320.389405] 0x000BB638
[  320.409083] 0x000BB229
[  320.428767] 0x000BBECF
[  320.448446] 0x000BB430
[  320.468128] 0x000BBCC6
[  320.487807] 0x000BB638
[  320.507484] 0x000BC55C
[  320.527166] 0x000BB021
[  320.546854] 0x000BBCC6
[  320.566517] 0x000BBECF
[  320.586203] 0x000BA78E
[  320.605887] 0x000BB021
[  320.625567] 0x000BB430
[  320.645246] 0x000BBCC6
[  320.664929] 0x000BBCC6
[  320.684614] 0x000BB430
[  320.704290] 0x000BC767
[  320.723963] 0x000BBCC6
[  320.743654] 0x000BB638
[  320.763318] 0x000BB229
[  320.783006] 0x000B9CF7
[  320.802686] 0x000BBABD
[  320.822365] 0x000BB638
[  320.842049] 0x000BB430
[  320.861726] 0x000BB430
[  320.881406] 0x000BB430
[  320.901078] 0x000BBCC6
[  320.920769] 0x000BA509
[  320.940453] 0x000BB6AB
[  320.960127] 0x000BBABD
[  320.979810] 0x000BB021
[  320.999487] 0x000BBECF
[  321.019168] 0x000BC55C
[  321.038850] 0x000BBCC6
[  321.058692] 0x000BBABD
[  321.078209] 0x000BB430
[  321.097891] 0x000BBECF
[  321.117572] 0x000BB430
[  321.137252] 0x000BBECF
[  321.156930] 0x000BC55C
[  321.176609] 0x000BC55C
[  321.196288] 0x000BBABD
[  321.215970] 0x000BB430
[  321.235651] 0x000BBECF
[  321.255319] 0x000BBCC6
[  321.275015] 0x000BA509
[  321.294692] 0x000BBECF
[  321.314367] 0x000BBCC6
[  321.334055] 0x000BAE19
[  321.353445] 0x000BBCC6
[  321.373409] 0x000BBF3C
[  321.393093] 0x000BBCC6
[  321.412768] 0x000BB229
[  321.432448] 0x000BB021
[  321.452130] 0x000BB8B4
[  321.471812] 0x000BB430
[  321.491609] 0x000BBECF
[  321.511168] 0x000BB638
[  321.530855] 0x000BBCC6
[  321.550522] 0x000BB8B4
[  321.570211] 0x000B9A6F
[  321.589889] 0x000BBABD
[  321.609568] 0x000BB430
[  321.629253] 0x000BB430
[  321.648933] 0x000BB430
[  321.668611] 0x000BB430
[  321.688295] 0x000BBCC6
[  321.707971] 0x000BBCC6
[  321.727658] 0x000BB8B4
[  321.747330] 0x000BB638
[  321.767011] 0x000BC0D8
[  321.786691] 0x000BB840
[  321.806371] 0x000BBECF
[  321.826055] 0x000BB6AB
[  321.845734] 0x000BB430
[  321.865413] 0x000BAE19
[  321.885086] 0x000BBABD
[  321.904770] 0x000BA994
[  321.924465] 0x000BB430
[  321.944135] 0x000BBABD
[  321.963813] 0x000BB229
[  321.983490] 0x000BBABD
[  322.003175] 0x000BB638
[  322.022855] 0x000BB430
[  322.042564] 0x000BBCC6
[  322.062215] 0x000BC55C
[  322.081897] 0x000BB229
[  322.101571] 0x000BC351
[  322.121256] 0x000BBECF
[  322.140932] 0x000BBABD
[  322.160604] 0x000BBECF
[  322.180296] 0x000BA305
[  322.199976] 0x000BBCC6
[  322.219658] 0x000BBCC6
[  322.239398] 0x000BB8B4
[  322.259014] 0x000B761B
[  322.278699] 0x000BBABD
[  322.298376] 0x000BBCC6
[  322.318057] 0x000BB430
[  322.337733] 0x000BB6AB
[  322.357408] 0x000BBCC6
[  322.377098] 0x000BA305
[  322.396773] 0x000BBCC6
[  322.416456] 0x000BB430
[  322.434940] 0x000BBCC6
[  322.455814] 0x000B68E7
[  322.475496] 0x000BB840
[  322.495177] 0x000BB229
[  322.514811] 0x000BB638
[  322.534534] 0x000B6F82
[  322.554164] 0x000BBCC6
[  322.573847] 0x000BBCC6
[  322.593574] 0x000BBECF
[  322.613256] 0x000BB638
[  322.632934] 0x000BBABD
[  322.652618] 0x000BB638
[  322.672246] 0x000BB638
[  322.691974] 0x000BC767
[  322.711660] 0x000BB638
[  322.731289] 0x000BC147
[  322.751020] 0x000B68E7
[  322.771617] 0x000BBECF
[  322.800217] 0x000BF049
[  322.819939] 0x000BBECF
[  322.839524] 0x000BBD31
[  322.859485] 0x000BBABD
[  322.878886] 0x000BA305
[  322.898560] 0x000BC767
[  322.918241] 0x000BB638
[  322.937958] 0x000BB8B4
[  322.957656] 0x000B986C
[  322.977337] 0x000BB021
[  322.997013] 0x000BBECF
[  323.016781] 0x000BAB9B
[  323.036376] 0x000BE12C
[  323.056060] 0x000BAC12
[  323.075692] 0x000BB021
[  323.095414] 0x000B68E7
[  323.115043] 0x000BAB9B
[  323.134776] 0x000BB638
[  323.154455] 0x000BB430
[  323.174087] 0x000BAB9B
[  323.193771] 0x000BC767
[  323.213604] 0x000B66EC
[  323.233128] 0x000BCDF2
[  323.252861] 0x000BBECF
[  323.272491] 0x000BB8B4
[  323.292166] 0x000B66EC
[  323.311837] 0x000BBECF
[  323.331528] 0x000BB430
[  323.351210] 0x000BB8B4
[  323.370890] 0x000BBECF
[  323.390571] 0x000BC0D8
[  323.410247] 0x000B64F2
[  323.429928] 0x000BB638
[  323.449992] 0x000BB430

127|root@vexpress:/data # 127|root@vexpress:/data # clear                                                127|root@vexpress:/data # rmmod read_power.ko                                  127|root@vexpress:/data # cd data                                              [ 1007.553550] I am loaded.
[ 1007.561115] Unable to handle kernel NULL pointer dereference at virtual address 0000000c
[ 1007.585060] pgd = edd34000

[ 1007.593029] [0000000c] *pgd=00000000
[ 1007.604117] Internal error: Oops: 805 [#1] SMP THUMB2
[ 1007.618998] Modules linked in: ipckernel(O+) [last unloaded: read_power]
[ 1007.638792] CPU: 0 PID: 3078 Comm: insmod Tainted: G        W  O 3.10.16-dirty #1
[ 1007.660852] task: eebed080 ti: ef398000 task.ti: ef398000
[ 1007.676768] PC is at sleep_time+0x1c/0xffffde54 [ipckernel]
[ 1007.693194] LR is at pmu_restart+0xc/0x48 [ipckernel]
[ 1007.708080] pc : [<bf80a514>]    lr : [<bf80800d>]    psr: 000f0033
[ 1007.708080] sp : ef399e18  ip : 00000000  fp : bf808588
[ 1007.741928] r10: bf808460  r9 : c05e4270  r8 : bf809680
[ 1007.757323] r7 : 00000001  r6 : bf808418  r5 : 00000180  r4 : 00000000
[ 1007.776562] r3 : 00000003  r2 : 000000c0  r1 : 0000000c  r0 : 0000000c
[ 1007.795803] Flags: nzcv  IRQs on  FIQs on  Mode SVC_32  ISA Thumb  Segment user
[ 1007.817348] Control: 50c5387d  Table: add3406a  DAC: 00000015
[ 1007.834279] 
[ 1007.834279] SP: 0xef399d98:
[ 1007.846854] 9d98  00000001 c05d2ba4 00000004 600f0013 00000000 00000000 00000000 bf80a514
[ 1007.871063] 9db8  000f0033 ffffffff ef399e04 bf809680 c05e4270 c000c935 0000000c 0000000c
[ 1007.895268] 9dd8  000000c0 00000003 00000000 00000180 bf808418 00000001 bf809680 c05e4270
[ 1007.919475] 9df8  bf808460 bf808588 00000000 ef399e18 bf80800d bf80a514 000f0033 ffffffff
[ 1007.943677] 9e18  00000003 bf808071 bf808384 00000000 96dedcfd 00000000 000003e8 bf808418
[ 1007.967879] 9e38  00000001 ef398000 bf80c001 bf808460 c0604000 bf80c027 0000000e 00400100
[ 1007.992081] 9e58  bf808424 c0008641 00000000 c05d61a8 c05d61a8 00000000 ffffffff c00371ef
[ 1008.016283] 9e78  00000000 c00a3b51 00000000 00400100 bf808424 bf808418 00000001 edc71d00
[ 1008.040488] 
[ 1008.040488] R9: 0xc05e41f0:
[ 1008.053063] 41f0  c04ea7ac 000001a4 c022d475 c022d2d5 c04ea7b8 000001a4 c022d455 c022d2a9
[ 1008.077267] 4210  c04ea7c4 000001a4 c022d445 c022d285 c04ea7d4 000001a4 c022d425 c022d261
[ 1008.101470] 4230  c04ea7e0 000001a4 c022d405 c022d23d c05117f8 000001a4 c022d3f5 c022d219
[ 1008.125675] 4250  c04ea7ec 000001a4 c022d3d5 c022d1ed 00000000 00000000 00000000 00000000
[ 1008.149878] 4270  c0230dc5 c0230df9 c0230e19 0003a980 bf808514 bf808514 c0233a41 c03efda8
[ 1008.174080] 4290  00000000 00000000 00000000 c0233a49 c03efda8 00000000 00000000 00000000
[ 1008.198282] 42b0  00000000 00000000 c02343bd c0234351 00000000 00000000 00000000 00000001
[ 1008.222484] 42d0  00000000 c05e42d4 c05e42d4 00000000 00000000 ef148b80 ef148b80 6962732f
[ 1008.246692] Process insmod (pid: 3078, stack limit = 0xef398238)
[ 1008.264393] Stack: (0xef399e18 to 0xef39a000)
[ 1008.277226] 9e00:                                                       00000003 bf808071
[ 1008.301338] 9e20: bf808384 00000000 96dedcfd 00000000 000003e8 bf808418 00000001 ef398000
[ 1008.325450] 9e40: bf80c001 bf808460 c0604000 bf80c027 0000000e 00400100 bf808424 c0008641
[ 1008.349562] 9e60: 00000000 c05d61a8 c05d61a8 00000000 ffffffff c00371ef 00000000 c00a3b51
[ 1008.373673] 9e80: 00000000 00400100 bf808424 bf808418 00000001 edc71d00 00000001 bf808460
[ 1008.397784] 9ea0: 00000124 c005e0bd bf808424 00007fff c005b61d edc71840 edc6a440 00000124
[ 1008.421895] 9ec0: bf808424 ef398000 bec4070c bf808574 c05ca4f4 ef399ef4 bec40b6c c00a3831
[ 1008.446006] 9ee0: 00001695 00000000 00000002 c00a3d3d ff000000 00000000 00000000 00000000
[ 1008.470115] 9f00: 00000000 00000000 00000000 00000000 00000000 00000000 00000000 00000000
[ 1008.494225] 9f20: 00000000 00000000 00000000 00000000 ffffffff 00001695 b8578020 bec4070c
[ 1008.518337] 9f40: 00000080 c000cfc4 ef398000 00000000 bec40b6c c005e585 f00f1000 00001695
[ 1008.542448] 9f60: f00f17d8 f00f16cb f00f23a8 00002500 00002710 00000000 00000000 00000000
[ 1008.566559] 9f80: 00000018 00000019 0000000e 00000000 00000008 00000000 00001695 00000000
[ 1008.590670] 9fa0: 00000003 c000ce01 00001695 00000000 b8578020 00001695 bec4070c bec4070c
[ 1008.614781] 9fc0: 00001695 00000000 00000003 00000080 bec406a0 b6f7a3c9 00000000 bec40b6c
[ 1008.638892] 9fe0: 00000002 bec40688 b6f7cf67 b6ef5ee8 600d0010 b8578020 40101400 05689900
[ 1008.663020] [<bf80800d>] (pmu_restart+0xc/0x48 [ipckernel]) from [<bf808071>] (auto_run+0x28/0xdc [ipckernel])
[ 1008.692526] [<bf808071>] (auto_run+0x28/0xdc [ipckernel]) from [<bf80c027>] (init_module+0x26/0x37 [ipckernel])
[ 1008.722287] [<bf80c027>] (init_module+0x26/0x37 [ipckernel]) from [<c0008641>] (do_one_initcall+0xb5/0x100)
[ 1008.751024] [<c0008641>] (do_one_initcall+0xb5/0x100) from [<c005e0bd>] (load_module+0x11a9/0x15ec)
[ 1008.777707] [<c005e0bd>] (load_module+0x11a9/0x15ec) from [<c005e585>] (SyS_init_module+0x85/0x94)
[ 1008.804134] [<c005e585>] (SyS_init_module+0x85/0x94) from [<c000ce01>] (ret_fast_syscall+0x1/0x46)
[ 1008.830554] Code: 0055 0000 0001 0000 (8000) bf80 
[ 1008.844775] ---[ end trace 3e0a48edde444307 ]---
[ 1008.858876] Kernel panic - not syncing: Fatal exception

Powering down...
Disabling debug USB.
Switching off ATX PSU.
Board powered down, use REBOOT to restart.

Cmd> 
Powering up system...
Daughterboard fitted to site 1.

Switching on ATXPSU...
ATX3V3: ON
VIOset: 1.8V
MBtemp: 28 degC

Configuring motherboard (rev D, var A)...
IOFPGA  config: PASSED
MUXFPGA config: PASSED
OSC CLK config: PASSED

Testing SMC devices (FPGA build 16)...
SRAM 32MB test: PASSED
VRAM  8MB test: PASSED
LAN9118   test: PASSED
USB & OTG test: PASSED
KMI1/KMI2 test: PASSED
MMC & SD  test: PASSED
DVI image test: PASSED
AACI AC97 test: PASSED
CF card   test: PASSED
UART port test: PASSED
MAC addrs test: PASSED

Reading Site 1 Board File \SITE1\HBI0249A\board.txt
DB1 JTAG configuration complete.
Setting DB1 OSCCLKS...
DB1.0 DCC 0 SPI configuration complete.

Writing SCC 0x40610007 with 0xFF00FF00
Writing SCC 0x40610046 with 0x01CD1011
Writing SCC 0x406101C0 with 0x0001F001
Writing SCC 0x40610100 with 0x33330C00
Writing SCC 0x40610048 with 0x022F1010
Writing SCC 0x40610049 with 0x0011710D
Writing SCC 0x4061004A with 0x022F1010
Writing SCC 0x4061004B with 0x0011710D
Writing SCC 0x4061004C with 0x022F1010
Writing SCC 0x4061004D with 0x0011710D
Writing SCC 0x4061004E with 0x022F1010
Writing SCC 0x4061004F with 0x0011710D
Writing SCC 0x40610300 with 0x00000007
Writing SCC 0x40610301 with 0x060E0356
Writing SCC 0x40610302 with 0x00000000
Writing SCC 0x40610303 with 0x00000000
Writing SCC 0x40610304 with 0x384061A8
Writing SCC 0x40610305 with 0x38407530
Writing SCC 0x40610306 with 0x384088B8
Writing SCC 0x40610307 with 0x38409C40
Writing SCC 0x40610308 with 0x3840AFC8
Writing SCC 0x40610309 with 0x3840C350
Writing SCC 0x4061030A with 0x3CF0D6D8
Writing SCC 0x4061030B with 0x41A0EA60
Writing SCC 0x4061030C with 0x3840445C
Writing SCC 0x4061030D with 0x38404E20
Writing SCC 0x4061030E with 0x384061A8
Writing SCC 0x4061030F with 0x38407530
Writing SCC 0x40610310 with 0x384088B8
Writing SCC 0x40610311 with 0x38409C40
Writing SCC 0x40610312 with 0x3CF0AFC8
Writing SCC 0x40610313 with 0x41A0C350
DB1.0 DCC 0 SCC configuration complete.

DB SMB clock enabled.
Waiting for SITE1 CB_READY...Waiting for SITE1 CB_READY...Waiting for SITE1 CB_READY...Waiting for SITE1 CB_READY...Waiting for SITE1 CB_READY...Waiting for SITE1 CB_READY...Waiting for SITE1 CB_READY...Waiting for SITE1 CB_READY...Waiting for SITE1 CB_READY...Waiting for SITE1 CB_READY...Waiting for SITE1 CB_READY...Waiting for SITE1 CB_READY...Waiting for SITE1 CB_READY...Waiting for SITE1 CB_READY...Waiting for SITE1 CB_READY...Waiting for SITE1 CB_READY...Waiting for SITE1 CB_READY...Waiting for SITE1 CB_READY...Waiting for SITE1 CB_READY...Waiting for SITE1 CB_READY...Waiting for SITE1 CB_READY...Waiting for SITE1 CB_READY...Waiting for SITE1 CB_READY...Waiting for SITE1 CB_READY...
Testing SMB clock...
Configuring MUXFPGA for MB.
Setting DVI mode for VGA.
Releasing Daughterboard resets.
Switching MCC log to UART1.

ARM Versatile Express Boot Monitor
Version:    V5.1.9
Build Date: Dec  3 2012
Daughterboard Site 1: V2P-CA15_A7 Cortex A15
Daughterboard Site 2: Not Used
Running boot script from flash - BOOTSCRIPT
Loaded FDT - tc2_dtb
Loaded initrd - initrd
Loaded kernel - zimage
Booting kernel @ 0x80008000
Command line 'console=ttyAMA0,38400n8 init=/init androidboot.console=ttyAMA0 rootwait ro mmci.fmax=4000000 init=/init'
initrd @ 0xa0100000 (296443 bytes)
FDT @ 0xa0000000 (15001 bytes)
[    0.000000] Booting Linux on physical CPU 0x0
[    0.000000] Initializing cgroup subsys cpu
[    0.000000] Linux version 3.10.16-dirty (spica@shamanippon) (gcc version 4.7.3 (Ubuntu/Linaro 4.7.3-1ubuntu1) ) #1 SMP Tue Nov 26 16:54:10 EST 2013
[    0.000000] CPU: ARMv7 Processor [412fc0f1] revision 1 (ARMv7), cr=50c5387d
[    0.000000] CPU: PIPT / VIPT nonaliasing data cache, VIPT aliasing instruction cache
[    0.000000] Machine: ARM-Versatile Express, model: V2P-CA15_CA7
[    0.000000] Truncating memory at 0x80000000 to fit in 32-bit physical address space
[    0.000000] Memory policy: ECC disabled, Data cache writealloc
[    0.000000] PERCPU: Embedded 9 pages/cpu @c1681000 s13888 r8192 d14784 u36864
[    0.000000] Built 1 zonelists in Zone order, mobility grouping on.  Total pages: 522767
[    0.000000] Kernel command line: console=ttyAMA0,38400n8 init=/init androidboot.console=ttyAMA0 rootwait ro mmci.fmax=4000000 init=/init
[    0.000000] PID hash table entries: 4096 (order: 2, 16384 bytes)
[    0.000000] Dentry cache hash table entries: 131072 (order: 7, 524288 bytes)
[    0.000000] Inode-cache hash table entries: 65536 (order: 6, 262144 bytes)
[    0.000000] Memory: 2032MB = 2032MB total
[    0.000000] Memory: 2056440k/2056440k available, 40708k reserved, 1302528K highmem
[    0.000000] Virtual kernel memory layout:
[    0.000000]     vector  : 0xffff0000 - 0xffff1000   (   4 kB)
[    0.000000]     fixmap  : 0xfff00000 - 0xfffe0000   ( 896 kB)
[    0.000000]     vmalloc : 0xf0000000 - 0xff000000   ( 240 MB)
[    0.000000]     lowmem  : 0xc0000000 - 0xef800000   ( 760 MB)
[    0.000000]     pkmap   : 0xbfe00000 - 0xc0000000   (   2 MB)
[    0.000000]     modules : 0xbf800000 - 0xbfe00000   (   6 MB)
[    0.000000]       .text : 0xc0008000 - 0xc057126c   (5541 kB)
[    0.000000]       .init : 0xc0572000 - 0xc05c0640   ( 314 kB)
[    0.000000]       .data : 0xc05c2000 - 0xc0604000   ( 264 kB)
[    0.000000]        .bss : 0xc0604000 - 0xc066ed8c   ( 428 kB)
[    0.000000] Hierarchical RCU implementation.
[    0.000000] 	RCU restricting CPUs from NR_CPUS=8 to nr_cpu_ids=5.
[    0.000000] NR_IRQS:16 nr_irqs:16 16
[    0.000000] GIC physical location is 0x2c001000
[    0.000000] Architected local timer running at 24.00MHz (virt).
[    0.000000] Switching to timer-based delay loop
[    0.000000] sched_clock: ARM arch timer >56 bits at 24000kHz, resolution 41ns
[    0.000000] sched_clock: 32 bits at 1000kHz, resolution 1000ns, wraps every 4294967ms
[    0.000000] sched_clock: 32 bits at 24MHz, resolution 41ns, wraps every 178956ms
[    0.000000] Console: colour dummy device 80x30
[    4.469122] Calibrating delay loop (skipped), value calculated using timer frequency.. 48.00 BogoMIPS (lpj=240000)
[    4.469134] pid_max: default: 32768 minimum: 301
[    4.469282] Mount-cache hash table entries: 512
[    4.473056] CPU: Testing write buffer coherency: ok
[    4.473080] ftrace: allocating 20209 entries in 40 pages
[    4.493698] CPU0: update cpu_power 1441
[    4.493708] CPU0: thread -1, cpu 0, socket 0, mpidr 80000000
[    4.493730] Setting up static identity map for 0xc03bead0 - 0xc03beb1c
[    4.493817] ARM CCI driver probed
[    4.496053] vexpress-spc loaded at f000e000
[    4.496062] TC2 power management initialized
[    4.497007] CPU1: failed to boot: -22
[    4.497324] CPU2: failed to boot: -22
[    4.497637] CPU3: failed to boot: -22
[    4.497953] CPU4: failed to boot: -22
[    4.497998] Brought up 1 CPUs
[    4.498005] SMP: Total of 1 processors activated (48.00 BogoMIPS).
[    4.498011] CPU: All CPU(s) started in SVC mode.
[    4.502776] sched: registering cpufreq notifiers for scale-invariant loads
[    4.503383] xor: measuring software checksum speed
[    4.601816]    arm4regs  :  2099.200 MB/sec
[    4.700263]    8regs     :  1675.600 MB/sec
[    4.798714]    32regs    :  1377.600 MB/sec
[    4.798721] xor: using function: arm4regs (2099.200 MB/sec)
[    4.799271] regulator-dummy: no parameters
[    4.799646] NET: Registered protocol family 16
[    4.799845] DMA: preallocated 256 KiB pool for atomic coherent allocations
[    4.801695] hw perfevents: enabled with CCI PMU driver, 5 counters available
[    4.812279] hw-breakpoint: found 5 (+1 reserved) breakpoint and 4 watchpoint registers.
[    4.812287] hw-breakpoint: maximum watchpoint size is 8 bytes.
[    4.812297] Serial: AMBA PL011 UART driver
[    4.812364] 1c090000.uart: ttyAMA0 at MMIO 0x1c090000 (irq = 37) is a PL011 rev2
[    5.976830] console [ttyAMA0] enabled
[    5.987837] 1c0a0000.uart: ttyAMA1 at MMIO 0x1c0a0000 (irq = 38) is a PL011 rev2
[    6.009861] 1c0b0000.uart: ttyAMA2 at MMIO 0x1c0b0000 (irq = 39) is a PL011 rev2
[    6.032444] 1c0c0000.uart: ttyAMA3 at MMIO 0x1c0c0000 (irq = 40) is a PL011 rev2
[    6.070004] bio: create slab <bio-0> at 0
[    6.249311] raid6: int32x1    256 MB/s
[    6.427864] raid6: int32x2    348 MB/s
[    6.606329] raid6: int32x4    439 MB/s
[    6.784845] raid6: int32x8    479 MB/s
[    6.795881] raid6: using algorithm int32x8 (479 MB/s)
[    6.810761] raid6: using intx1 recovery algorithm
[    6.825029] 3V3: 3300 mV 
[    6.833464] SCSI subsystem initialized
[    6.845419] usbcore: registered new interface driver usbfs
[    6.861704] usbcore: registered new interface driver hub
[    6.877497] usbcore: registered new device driver usb
[    6.893374] Advanced Linux Sound Architecture Driver Initialized.
[    6.912146] Switching to clocksource arch_sys_counter
[    6.952844] NET: Registered protocol family 2
[    6.966051] TCP established hash table entries: 8192 (order: 4, 65536 bytes)
[    6.986957] TCP bind hash table entries: 8192 (order: 4, 65536 bytes)
[    7.006064] TCP: Hash tables configured (established 8192 bind 8192)
[    7.024834] TCP: reno registered
[    7.034341] UDP hash table entries: 512 (order: 2, 16384 bytes)
[    7.051810] UDP-Lite hash table entries: 512 (order: 2, 16384 bytes)
[    7.070700] NET: Registered protocol family 1
[    7.083777] RPC: Registered named UNIX socket transport module.
[    7.101231] RPC: Registered udp transport module.
[    7.115089] RPC: Registered tcp transport module.
[    7.128945] RPC: Registered tcp NFSv4.1 backchannel transport module.
[    7.148069] Trying to unpack rootfs image as initramfs...
[    7.177936] Freeing initrd memory: 288K (e0100000 - e0148000)
[    7.195031] hw perfevents: enabled with ARMv7_Cortex_A15 PMU driver, 7 counters available
[    7.219175] hw perfevents: enabled with ARMv7_Cortex_A7 PMU driver, 7 counters available
[    7.245233] bounce pool size: 64 pages
[    7.256400] VFS: Disk quotas dquot_6.5.2
[    7.268018] Dquot-cache hash table entries: 1024 (order 0, 4096 bytes)
[    7.287867] NFS: Registering the id_resolver key type
[    7.302784] Key type id_resolver registered
[    7.315107] Key type id_legacy registered
[    7.326937] jffs2: version 2.2. (NAND) (SUMMARY)  Â© 2001-2006 Red Hat, Inc.
[    7.347813] fuse init (API version 7.22)
[    7.359620] bio: create slab <bio-1> at 1
[    7.371693] Btrfs loaded
[    7.379146] msgmni has been set to 1473
[    7.391168] Block layer SCSI generic (bsg) driver version 0.4 loaded (major 253)
[    7.412981] io scheduler noop registered
[    7.424533] io scheduler deadline registered
[    7.437123] io scheduler cfq registered (default)
[    7.460408] hdlcd 2b000000.hdlcd: HDLCD: found ARM HDLCD version r0p0
[    7.479402] hdlcd 2b000000.hdlcd: using 1024x768-16@60 mode
[    7.556831] A15 Vcore: 800 <--> 1050 mV at 899 mV 
[    7.586369] A7 Vcore: 800 <--> 1050 mV at 901 mV 
[    7.615875] VIO: at 1792 mV 
[    7.693866] brd: module loaded
[    7.707218] loop: module loaded
[    7.717427] mtdoops: mtd device (mtddev=name/number) must be supplied
[    7.736841] smsc911x: Driver version 2008-10-21
[    7.750329] smsc911x 1a000000.ethernet (unregistered net_device): couldn't get clock -2
[    7.775040] libphy: smsc911x-mdio: probed
[    7.786910] smsc911x 1a000000.ethernet eth0: attached PHY driver [Generic PHY] (mii_bus:phy_addr=1a000000.etherne:01, irq=-1)
[    7.820438] smsc911x 1a000000.ethernet eth0: MAC Address: 00:02:f7:00:52:1f
[    7.841423] nxp-isp1760 1b000000.usb: NXP ISP1760 USB Host Controller
[    7.860432] nxp-isp1760 1b000000.usb: new USB bus registered, assigned bus number 1
[    8.079840] nxp-isp1760 1b000000.usb: bus width: 32, oc: digital
[    8.117238] nxp-isp1760 1b000000.usb: irq 48, io mem 0x1b000000
[    8.134695] nxp-isp1760 1b000000.usb: USB ISP 1761 HW rev. 1 started
[    8.153880] hub 1-0:1.0: USB hub found
[    8.164985] hub 1-0:1.0: 1 port detected
[    8.177064] usbcore: registered new interface driver usb-storage
[    8.195485] mousedev: PS/2 mouse device common for all mice
[    8.212781] rtc-pl031 1c170000.rtc: rtc core: registered pl031 as rtc0
[    8.234077] device-mapper: ioctl: 4.24.0-ioctl (2013-01-15) initialised: dm-devel@redhat.com
[    8.259061] cpu cpu0: bL_cpufreq_init: CPU 0 initialized
[    8.275640] arm_big_little: bL_cpufreq_register: Registered platform driver: vexpress-bL
[    8.299804] cpuidle: using governor ladder
[    8.311875] cpuidle: using governor menu
[    8.323427] CPUidle for CPU0 registered
[    8.334987] mmci-pl18x 1c050000.mmci: mmc0: PL180 manf 41 rev0 at 0x1c050000 irq 41,42 (pio)
[    8.400389] ledtrig-cpu: registered to indicate activity on CPUs
[    8.418532] usbcore: registered new interface driver usbhid
[    8.434972] usbhid: USB HID core driver
[    8.446306] nxp-isp1760 1b000000.usb: port 1 high speed
[    8.465105] ashmem: initialized
[    8.474508] logger: created 256K log 'log_main'
[    8.488067] logger: created 256K log 'log_events'
[    8.502080] logger: created 256K log 'log_radio'
[    8.515767] usb 1-1: new high-speed USB device number 2 using nxp-isp1760
[    8.535928] logger: created 256K log 'log_system'
[    8.560562] aaci-pl041 1c040000.aaci: ARM AC'97 Interface PL041 rev0 at 0x1c040000, irq 43
[    8.584952] aaci-pl041 1c040000.aaci: FIFO 512 entries
[    8.600184] nxp-isp1760 1b000000.usb: port 1 high speed
[    8.616118] oprofile: using timer interrupt.
[    8.628819] TCP: cubic registered
[    8.638577] Initializing XFRM netlink socket
[    8.651191] NET: Registered protocol family 10
[    8.664717] NET: Registered protocol family 17
[    8.677824] NET: Registered protocol family 15
[    8.690958] Key type dns_resolver registered
[    8.703596] VFP support v0.3: implementor 41 architecture 4 part 30 variant f rev 0
[    8.726186] Registering SWP/SWPB emulation handler
[    8.740918] rtc-pl031 1c170000.rtc: setting system clock to 2014-01-08 20:14:36 UTC (1389212076)
[    8.766893] ALSA device list:
[    8.775633]   #0: ARM AC'97 Interface PL041 rev0 at 0x1c040000, irq 43
[    8.795101] Freeing unused kernel memory: 312K (c0572000 - c05c0000)
[    8.816113] SELinux:  Could not mount selinuxfs:  No such device
[    8.833891] hub 1-1:1.0: USB hub found
[    8.844994] hub 1-1:1.0: 3 ports detected
[    8.858234] init: could not import file '/init.partitions.rc' from '/init.rc'
[    8.879685] init (1): /proc/1/oom_adj is deprecated, please use /proc/1/oom_score_adj instead.
[    8.906786] mmc0: new SDHC card at address b368
[    8.923685] mmcblk0: mmc0:b368 SD08G 7.45 GiB 
[    8.947829]  mmcblk0: p1 p2 p3 p4 < p5 p6 >
[    9.153361] usb 1-1.2: new low-speed USB device number 3 using nxp-isp1760
[    9.191878] atkbd serio0: keyboard reset failed on 1c060000.kmi
[    9.489195] input: Logitech USB Optical Mouse as /devices/smb.24/motherboard.25/1b000000.usb/usb1/1-1/1-1.2/1-1.2:1.0/input/input0
[    9.524550] hid-generic 0003:046D:C05A.0001: input: USB HID v1.11 Mouse [Logitech USB Optical Mouse] on usb-1b000000.usb-1.2/input0
[    9.633135] usb 1-1.3: new low-speed USB device number 4 using nxp-isp1760
[    9.695693] EXT4-fs (mmcblk0p2): mounted filesystem with ordered data mode. Opts: (null)
[    9.720653] EXT4-fs (mmcblk0p3): Ignoring removed nomblk_io_submit option
[    9.763114] input: Dell Dell USB Entry Keyboard as /devices/smb.24/motherboard.25/1b000000.usb/usb1/1-1/1-1.3/1-1.3:1.0/input/input1
[    9.798612] hid-generic 0003:413C:2107.0002: input: USB HID v1.10 Keyboard [Dell Dell USB Entry Keyboard] on usb-1b000000.usb-1.3/input0
[   10.380913] atkbd serio1: keyboard reset failed on 1c070000.kmi
[   11.652416] EXT4-fs (mmcblk0p3): recovery complete
[   12.129878] EXT4-fs (mmcblk0p3): mounted filesystem with ordered data mode. Opts: nomblk_io_submit,errors=panic
[   12.160787] EXT4-fs (mmcblk0p5): Ignoring removed nomblk_io_submit option
[   18.229208] EXT4-fs (mmcblk0p5): 1 orphan inode deleted
[   18.244624] EXT4-fs (mmcblk0p5): recovery complete
[   19.530107] EXT4-fs (mmcblk0p5): mounted filesystem with ordered data mode. Opts: nomblk_io_submit,errors=panic
[   19.668225] lowmemorykiller: lowmem_shrink: convert oom_adj to oom_score_adj:
[   19.689269] lowmemorykiller: oom_adj 0 => oom_score_adj 0
[   19.705185] lowmemorykiller: oom_adj 1 => oom_score_adj 58
[   19.721350] lowmemorykiller: oom_adj 2 => oom_score_adj 117
[   19.737770] lowmemorykiller: oom_adj 4 => oom_score_adj 235
[   19.754192] lowmemorykiller: oom_adj 7 => oom_score_adj 411
[   19.770614] lowmemorykiller: oom_adj 15 => oom_score_adj 1000
[   19.982636] gator: version magic '3.10.16-00363-gb660011 SMP mod_unload ARMv7 thumb2 p2v8 ' should be '3.10.16-dirty SMP mod_unload ARMv7 thumb2 p2v8 '
[   20.049986] init: cannot find '/system/bin/rild', disabling 'ril-daemon'
[   20.095975] init: cannot find '/system/etc/install-recovery.sh', disabling 'flash_recovery'
[   22.081954] smsc911x 1a000000.ethernet eth0: SMSC911x/921x identified at 0xf00e0000, IRQ: 47
root@vexpress:/ # [   67.206044] warning: `zygote' uses 32-bit capabilities (legacy support in use)
[   90.630179] lowmemorykiller: lowmem_shrink: convert oom_adj to oom_score_adj:
[   90.651325] lowmemorykiller: oom_adj 0 => oom_score_adj 0
[   90.667293] lowmemorykiller: oom_adj 1 => oom_score_adj 58
[   90.683517] lowmemorykiller: oom_adj 2 => oom_score_adj 117
[   90.700001] lowmemorykiller: oom_adj 4 => oom_score_adj 235
[   90.716771] lowmemorykiller: oom_adj 9 => oom_score_adj 529
[   90.733195] lowmemorykiller: oom_adj 15 => oom_score_adj 1000
[  112.877437] init: sys_prop: permission denied uid:1003  name:service.bootanim.exit
[  113.568453] FAT-fs (mmcblk0p6): Volume was not properly unmounted. Some data may be corrupt. Please run fsck.
[  115.974697] bio: create slab <bio-2> at 2
[  116.331117] EXT4-fs (dm-0): mounted filesystem without journal. Opts: (null)
[  117.764962] EXT4-fs (dm-0): re-mounted. Opts: (null)
[  117.798585] EXT4-fs (dm-0): re-mounted. Opts: (null)
[  118.286951] EXT4-fs (dm-1): mounted filesystem without journal. Opts: (null)
[  120.670831] EXT4-fs (dm-1): re-mounted. Opts: (null)
[  120.771970] EXT4-fs (dm-1): re-mounted. Opts: (null)

root@vexpress:/ # 
root@vexpress:/ # 
root@vexpress:/ # 
root@vexpress:/ # 
root@vexpress:/ # 
root@vexpress:/ # [  145.953595] in readpw init
[  145.961202] in if0x41A0C350
[  146.076597] 0x000C0A0A
[  146.182792] 0x000C5972
[  146.291020] 0x000C88A4
[  146.399253] 0x000C823B
[  146.509556] 0x000BC351
[  146.615978] 0x000C4A73
[  146.724060] 0x000CAD28
[  146.832917] 0x001A7D3B
[  146.940466] 0x000DD372
[  147.048686] 0x001AF8C1
[  147.157461] 0x001AF0B1
[  147.265601] 0x001B526D
[  147.373448] 0x001B3E7F
[  147.482634] 0x001AF4B9
[  147.590401] 0x000D49FE
[  147.698546] 0x001B3489
[  147.806891] 0x001AEECA
[  147.914692] 0x0019D24D
[  148.022841] 0x000C1088
[  148.131990] 0x000D4DF7
[  148.239327] 0x000D1672
[  148.347594] 0x000CBD80
[  148.455828] 0x000CA45D
[  148.564066] 0x000C97C3
[  148.672309] 0x000BB229
[  148.780870] 0x000BB638
[  148.888972] 0x001B1A55
[  148.997060] 0x001ACCE4
[  149.105251] 0x000C07F4
[  149.213517] 0x000BEBD4
[  149.321771] 0x000BF8DF
[  149.430021] 0x000BD26C
[  149.538476] 0x000BEBD4
[  149.648617] 0x000C1B36
[  149.754690] 0x000C41E1
[  149.862920] 0x000CEB7E
[  149.971167] 0x000CCB0D
[  150.079435] 0x000BCDF2
[  150.187659] 0x000BBCC6
[  150.295944] 0x000C3FAC
[  150.404171] 0x000BE7B3
[  150.512376] 0x000BC351
[  150.622700] 0x000B80AE
[  150.728867] 0x000C6209
[  150.837094] 0x000C7DF9
[  150.945369] 0x000CDE6F
[  151.053585] 0x000D8620
[  151.161839] 0x001A417C
[  151.270049] 0x000C23CB
[  151.378309] 0x000B93DB
[  151.488633] 0x000BAB9B
[  151.596867] 0x000C687A
[  151.703036] 0x000C5B99
[  151.811247] 0x000C8677
[  151.919484] 0x000CC089
[  152.029830] 0x000BCDF2
[  152.135991] 0x000C5972
[  152.244512] 0x000CFA6C
[  152.352482] 0x001A4F5F
[  152.460731] 0x0019FFAA
[  152.569495] 0x001AD0E6
[  152.677398] 0x001B3489
[  152.785644] 0x001B389A
[  152.894144] 0x001B02B7
[  153.002888] 0x001AA90B
[  153.110703] 0x001A9F15
[  153.218409] 0x001B607A
[  153.326653] 0x000C07F4
[  153.434879] 0x000C4623
[  153.543105] 0x000BDAFF
[  153.653442] 0x000BB638
[  153.759623] 0x000C710F
[  153.869919] 0x000BFAF2
[  153.976066] 0x000C710F
[  154.084337] 0x000BA509
[  154.192547] 0x000C9BFC
[  154.300770] 0x000BCDF2
[  154.409050] 0x000BB638
[  154.517247] 0x000BE12C
[  154.625542] 0x000B93DB
[  154.734009] 0x000BEE37
[  154.841972] 0x000C823B
[  154.952274] 0x000B8943
[  155.060513] 0x000C687A
[  155.166709] 0x000C5FE4
[  155.276993] 0x000BADA1
[  155.385316] 0x000C687A
[  155.491461] 0x000C6EE7
[  155.599659] 0x000BE9C4
[  155.707908] 0x000B8FD7
[  155.816146] 0x000BA509
[  155.924373] 0x000C4844
[  156.032634] 0x000C34F7
[  156.142913] 0x000C0C21
[  156.249105] 0x000C6209
[  156.357353] 0x000B9A6F
[  156.467858] 0x000BAB9B
[  156.573831] 0x000C14B8
[  156.682040] 0x000C3B6D
[  156.790314] 0x000D0B97
[  156.898561] 0x000BB840
[  157.006774] 0x000BF049
[  157.115049] 0x000B82AC
[  157.223253] 0x000BCBE6
[  157.331489] 0x000C9367
[  157.439727] 0x000D9B2D
[  157.548048] 0x000D83C8
[  157.656227] 0x000C0A0A
[  157.764473] 0x000B9C72
[  157.872709] 0x000BC147
[  157.980923] 0x000BB430
[  158.089191] 0x0016E91E
[  158.197425] 0x000BADA1
[  158.305658] 0x000C9595
[  158.413880] 0x000C823B
[  158.522145] 0x000BDF1D
[  158.630370] 0x000BBF3C
[  158.738660] 0x0017A5A5
[  158.846886] 0x000CE203
[  158.957158] 0x000BBECF
[  159.063382] 0x000C6CC8
[  159.171590] 0x000BD47A
[  159.281878] 0x000BA994
[  159.388081] 0x000C5972
[  159.496341] 0x000BADA1
[  159.604542] 0x000BD687
[  159.713039] 0x000B8943
[  159.820994] 0x000C9E2C
[  159.929246] 0x000CFE7E
[  160.037518] 0x000D0711
[  160.145759] 0x000BADA1
[  160.253967] 0x000BD895
[  160.362471] 0x000BA509
[  160.470466] 0x000C7560
[  160.580752] 0x000BA509
[  160.686940] 0x000C52FD
[  160.795176] 0x000C8466
[  160.903419] 0x000C7BCF
[  161.011706] 0x000B8943
[  161.121955] 0x000BE12C
[  161.230198] 0x000C50DB
[  161.336380] 0x000C552A
[  161.444597] 0x000D0543
[  161.552892] 0x000D0543
[  161.661125] 0x000BAB9B
[  161.769365] 0x000C1088
[  161.877739] 0x001A1FB3
[  161.985826] 0x0019FFAA
[  162.094094] 0x001A673E
[  162.202320] 0x000C0174
[  162.310588] 0x000BF4B7

root@vexpress:/ # [  466.637193] in readpw init
[  466.644833] in if0x000BDAA3
[  466.762197] 0x00188162
[  466.870418] 0x000C6AA1
[  466.978672] 0x000C3FC0
[  467.086920] 0x000C574E
[  467.195153] 0x000C574E
[  467.303497] 0x000C5972
[  467.411865] 0x000C7338
[  467.519879] 0x000C1D4F
[  467.628114] 0x000C5972
[  467.736351] 0x000C52FD
[  467.844601] 0x000C642F
[  467.952814] 0x000C574E
[  468.061076] 0x000C4A64
[  468.169313] 0x000C4EB8
[  468.277552] 0x000C6209
[  468.385794] 0x000C4A73
[  468.494037] 0x000C574E
[  468.602271] 0x000C574E
[  468.710665] 0x000C50DB
[  468.818753] 0x000C7BCF
[  468.926998] 0x000C552A
[  469.035239] 0x000C574E
[  469.143473] 0x000C5FE4
[  469.251713] 0x000C5972
[  469.359954] 0x000C5972
[  469.468197] 0x000C574E
[  469.576432] 0x000C50DB
[  469.684708] 0x000C4A73
[  469.792912] 0x000C14B8
[  469.901160] 0x000C574E
[  470.009396] 0x000C4EB8
[  470.117617] 0x000C4EB8
[  470.225879] 0x000C50DB
[  470.334115] 0x000C5306
[  470.442331] 0x000C574E
[  470.550592] 0x000C4623
[  470.659051] 0x000C4EB8
[  470.767074] 0x000C8CFE
[  470.875311] 0x000C4C96
[  470.983558] 0x000C5972
[  471.091804] 0x000C50DB
[  471.200039] 0x000C552A
[  471.308273] 0x000C574E
[  471.416517] 0x000C4A73
[  471.524754] 0x000C574E
[  471.632974] 0x000C4EB8
[  471.741238] 0x000C3FAC
[  471.849478] 0x000C50DB
[  471.957694] 0x000C52FD
[  472.065966] 0x000C3FAC
[  472.174195] 0x000C6209
[  472.282414] 0x000C6209
[  472.390673] 0x000C3933
[  472.498916] 0x000C52FD
[  481.077272] in readpw init
[  481.084996] in if0x000C574E
[  481.197508] 0x0018D10C
[  481.305735] 0x000C6AA1
[  481.413996] 0x000C34F7
[  481.522270] 0x000C6209
[  481.630478] 0x000C687A
[  481.738716] 0x000C574E
[  481.846954] 0x000C6209
[  481.955200] 0x000C5B96
[  482.063545] 0x000C6209
[  482.171660] 0x000C7BCF
[  482.279921] 0x000C3FAC
[  482.388161] 0x000C6209
[  482.496406] 0x000C574E
[  482.604643] 0x000C5972
[  482.712811] 0x000C574E
[  482.821125] 0x000C5972
[  482.929311] 0x000C50E2
[  483.037540] 0x000C5972
[  483.145789] 0x000C4A64
[  483.254085] 0x000C642C
[  483.362275] 0x000C5972
[  483.470554] 0x000C5972
[  483.578756] 0x000C4623
[  483.686994] 0x000C5972
[  483.795234] 0x000C574E
[  483.903472] 0x000C5B99
[  484.011714] 0x000C574E
[  484.119954] 0x000C4EB8
[  484.228201] 0x000C4C96
[  484.336437] 0x000C6209
[  484.444910] 0x000C5B96
[  484.552908] 0x000C6653
[  484.661155] 0x000C5FE4
[  484.769401] 0x000C574E
[  484.877629] 0x000C6209
[  484.985877] 0x000C6209
[  485.094112] 0x000C574E
[  485.202335] 0x000C552A
[  485.310597] 0x000C50DB
[  485.418888] 0x000C574E
[  485.527078] 0x000C50E2
[  485.635315] 0x000C5972
[  485.743554] 0x000C5DBE
[  485.851799] 0x000C574E
[  485.960040] 0x000C52FD
[  486.068275] 0x000C5FE4
[  486.176510] 0x000C552A
[  486.284757] 0x000C4EBE
[  486.393154] 0x000C5B96
[  486.501234] 0x000C8CFE
[  486.609476] 0x000C5306
[  486.717715] 0x000C50DB
[  486.825957] 0x000C5B96
[  486.934194] 0x000C6209
[  487.042414] 0x000C50DB
[  487.150672] 0x000C50DB
[  487.258916] 0x000C4EBE
[  487.367152] 0x000C5972
[  487.475392] 0x000C574E
[  487.583640] 0x000C552A
[  487.691860] 0x000C50DB
[  487.800118] 0x000C50DB
[  487.908352] 0x000C552A
[  488.016601] 0x000C50DB
[  488.124840] 0x000C50DB
[  488.233074] 0x000C6209
[  488.341447] 0x000C5B99
[  488.449624] 0x000C3FAC
[  488.557793] 0x000C4844
[  488.666034] 0x000C5972
[  488.774277] 0x000C50DB
[  488.882520] 0x000C4EB8
[  488.990758] 0x000C6209
[  489.098991] 0x000C574E
[  489.207215] 0x000C5972
[  489.315529] 0x000C4844
[  489.423716] 0x000C3715
[  489.531954] 0x000C5B96
[  489.640197] 0x000C6209
[  489.748416] 0x000C5972
[  489.856674] 0x000C34F7
[  489.964911] 0x000C50DB
[  490.073154] 0x000C574E
[  490.181401] 0x000C5972
[  490.289637] 0x000C5FE4
[  490.397872] 0x000C50DB
[  490.506118] 0x000C5B99
[  490.614356] 0x000C5972
[  490.722602] 0x000C5B96
[  490.830836] 0x000C574E
[  490.939073] 0x000C50DB
[  491.047303] 0x000C5306
[  491.155562] 0x000C3B6D
[  491.263793] 0x000C5972
[  491.372014] 0x000C52FD
[  491.480344] 0x000C2E7E
[  491.588516] 0x000C2E7E
[  491.696758] 0x000C4851
[  491.804997] 0x000C6209
[  491.913214] 0x000C50E2
[  492.021451] 0x000C14B8
[  492.129721] 0x000C14B8
[  492.237958] 0x000C5306
[  492.346204] 0x000C5B96
[  492.454448] 0x000C4C96
[  492.562675] 0x000C574E
[  492.670920] 0x000C4EB8
[  492.779163] 0x000C552A
[  492.887507] 0x000C6209
[  492.995870] 0x000C7BCF
[  493.103884] 0x000C3FAC
[  493.212124] 0x000C50DB
[  493.320399] 0x000C50DB
[  493.428611] 0x000C687A
[  493.536829] 0x000C5B96
[  493.645086] 0x000C309A
[  493.753330] 0x000C5306
[  493.861569] 0x000C5B96
[  493.969805] 0x000C5972
